[2026-07-30 16:58:24] [INFO ] Démarrage du webserv...
[2026-07-30 16:58:24] [DEBUG] Analyse de la configuration EBNF : conf/default.conf
[2026-07-30 16:58:24] [DEBUG] Limite de connexions définie à 1024
[2026-07-30 16:58:24] [INFO ] Serveur en écoute sur 127.0.0.1:8080 (FD: 4)
[2026-07-30 16:58:24] [ERROR] Échec de l'acceptation du client. Code d'erreur : 0
[2026-07-30 16:58:24] [WARN ] Extinction du serveur...
[2026-07-30 17:04:56] [INFO ] Démarrage du webserv...
[2026-07-30 17:04:56] [DEBUG] Analyse de la configuration EBNF : conf/default.conf
[2026-07-30 17:04:56] [DEBUG] Limite de connexions définie à 1024
[2026-07-30 17:04:56] [INFO ] Serveur en écoute sur 127.0.0.1:8080 (FD: 4)
[2026-07-30 17:04:56] [ERROR] Échec de l'acceptation du client. Code d'erreur : 0
[2026-07-30 17:04:56] [WARN ] Extinction du serveur...
[2026-07-30 17:05:06] [INFO ] Démarrage du webserv...
[2026-07-30 17:05:06] [DEBUG] Analyse de la configuration EBNF : conf/default.conf
[2026-07-30 17:05:06] [DEBUG] Limite de connexions définie à 1024
[2026-07-30 17:05:06] [INFO ] Serveur en écoute sur 127.0.0.1:8080 (FD: 4)
[2026-07-30 17:05:06] [ERROR] Échec de l'acceptation du client. Code d'erreur : 0
[2026-07-30 17:05:06] [WARN ] Extinction du serveur...
[2026-07-30 17:05:15] [INFO ] Démarrage du webserv...
[2026-07-30 17:05:15] [DEBUG] Analyse de la configuration EBNF : conf/default.conf
[2026-07-30 17:05:15] [DEBUG] Limite de connexions définie à 1024
[2026-07-30 17:05:15] [INFO ] Serveur en écoute sur 127.0.0.1:8080 (FD: 4)
[2026-07-30 17:05:15] [ERROR] Échec de l'acceptation du client. Code d'erreur : 0
[2026-07-30 17:05:15] [WARN ] Extinction du serveur...
[2026-07-30 17:22:12] [INFO ] Démarrage du webserv...
[2026-07-30 17:22:12] [DEBUG] Analyse de la configuration EBNF : conf/default.conf
[2026-07-30 17:22:12] [DEBUG] Limite de connexions définie à 1024
[2026-07-30 17:22:12] [INFO ] Serveur en écoute sur 127.0.0.1:8080 (FD: 4)
[2026-07-30 17:22:12] [ERROR] Échec de l'acceptation du client. Code d'erreur : 0
[2026-07-30 17:22:12] [WARN ] Extinction du serveur...
[2026-07-30 17:22:36] [INFO ] Démarrage du webserv...
[2026-07-30 17:22:36] [DEBUG] Analyse de la configuration EBNF : conf/default.conf
[2026-07-30 17:22:36] [DEBUG] Limite de connexions définie à 1024
[2026-07-30 17:22:36] [INFO ] Serveur en écoute sur 127.0.0.1:8080 (FD: 4)
[2026-07-30 17:22:36] [ERROR] Échec de l'acceptation du client. Code d'erreur : 0
[2026-07-30 17:22:36] [WARN ] Extinction du serveur...
[2026-07-30 17:24:42] [INFO ] Démarrage du webserv...
[2026-07-30 17:24:42] [INFO ] Serveur en écoute sur 127.0.0.1:8080 (FD: 4)
[2026-07-30 17:24:42] [ERROR] Échec de l'acceptation du client. Code d'erreur : 0
[2026-07-30 17:24:42] [WARN ] Extinction du serveur...
